cleaned dist
cleaned out
cleaned .next
   ▲ Next.js 15.5.23

   Creating an optimized production build ...
 ✓ Compiled successfully in 15.6s
   Skipping validation of types
   Linting ...
   Collecting page data ...
   Generating static pages (0/4) ...
   Generating static pages (1/4) 
   Generating static pages (2/4) 
   Generating static pages (3/4) 
 ✓ Generating static pages (4/4)
   Finalizing page optimization ...
   Collecting build traces ...
   Exporting (0/4) ...
   Exporting (1/4) 
   Exporting (2/4) 
   Exporting (3/4) 
 ✓ Exporting (4/4)

Route (app)                                 Size  First Load JS
┌ ○ /                                    2.65 kB         105 kB
└ ○ /_not-found                            127 B         103 kB
+ First Load JS shared by all             103 kB
  ├ chunks/255-a70cfdedd3f61710.js       46.5 kB
  ├ chunks/4bd1b696-c023c6e3521b1417.js  54.2 kB
  └ other shared chunks (total)           1.9 kB


○  (Static)  prerendered as static content


SUCCESS
renamed out->dist
