=== npm install ===
$ npm install
added 26 packages, and audited 27 packages in 19s

8 packages are looking for funding
  run `npm fund` for details

4 high severity vulnerabilities

To address issues that do not require attention, run:
  npm audit fix

To address all issues (including breaking changes), run:
  npm audit fix --force

Run `npm audit` for details.
=== clean ===
=== next build ===
$ npx next build
ERROR: [Error: ENOENT: no such file or directory, open '/tmp/aicc-code-McdJBb/.next/server/app/_not-found/page.js.nft.json'] {
  errno: -2,
  code: 'ENOENT',
  syscall: 'open',
  path: '/tmp/aicc-code-McdJBb/.next/server/app/_not-found/page.js.nft.json'
}
   ▲ Next.js 15.5.23

   Creating an optimized production build ...
 ✓ Compiled successfully in 15.7s
   Skipping validation of types
   Linting ...
It looks like you're trying to use TypeScript but do not have the required package(s) installed.
Installing dependencies

If you are not trying to use TypeScript, please remove the tsconfig.json file from your package root (and any TypeScript files in your app and pages directories).


Installing devDependencies (npm):
- typescript@5.8.2
- @types/react
- @types/node@20.17.6


added 7 packages, and audited 34 packages in 4s

8 packages are looking for funding
  run `npm fund` for details

4 high severity vulnerabilities

To address issues that do not require attention, run:
  npm audit fix

To address all issues (including breaking changes), run:
  npm audit fix --force

Run `npm audit` for details.

   Collecting page data ...
   Generating static pages (0/4) ...
   Generating static pages (1/4) 
   Generating static pages (2/4) 
   Generating static pages (3/4) 
 ✓ Generating static pages (4/4)
   Finalizing page optimization ...
   Collecting build traces ...

BUILD FAILED: Command failed: npx next build
[Error: ENOENT: no such file or directory, open '/tmp/aicc-code-McdJBb/.next/server/app/_not-found/page.js.nft.json'] {
  errno: -2,
  code: 'ENOENT',
  syscall: 'open',
  path: '/tmp/aicc-code-McdJBb/.next/server/app/_not-found/page.js.nft.json'
}
